  Determining projects to restore...
  All projects are up-to-date for restore.
  Ivy.Agent.Filter -> D:\git\ivy-bot4\Ivy-Framework\src\Ivy.Agent.Filter\bin\Debug\net10.0\Ivy.Agent.Filter.dll
  Ivy -> D:\git\ivy-bot4\Ivy-Framework\src\Ivy\bin\Debug\net10.0\Ivy.dll
  Ivy.XamlBuilder -> D:\git\ivy-bot4\Ivy-Framework\src\Ivy.XamlBuilder\bin\Debug\net10.0\Ivy.XamlBuilder.dll
  Ivy.Analyser -> D:\git\ivy-bot4\Ivy-Framework\src\Ivy.Analyser\bin\Debug\netstandard2.0\Ivy.Analyser.dll
D:\git\ivy-bot4\Ivy-Framework\src\Ivy.Samples.Shared\Apps\Concepts\ConnectionsApp.cs(7,31): error CS0246: The type or namespace name 'SampleBase' could not be found (are you missing a using directive or an assembly reference?) [D:\git\ivy-bot4\Ivy-Framework\src\Ivy.Samples.Shared\Ivy.Samples.Shared.csproj]

Build FAILED.

D:\git\ivy-bot4\Ivy-Framework\src\Ivy.Samples.Shared\Apps\Concepts\ConnectionsApp.cs(7,31): error CS0246: The type or namespace name 'SampleBase' could not be found (are you missing a using directive or an assembly reference?) [D:\git\ivy-bot4\Ivy-Framework\src\Ivy.Samples.Shared\Ivy.Samples.Shared.csproj]
    0 Warning(s)
    1 Error(s)

Time Elapsed 00:00:01.54
